[drive.google.com/uc7beb.html]
[backblue.gif]
[fade.gif]
[index.html]
[ssl.gstatic.com/docs/doclist/images/drive_2022q3_32dp.png]
[drive.google.com/uc7beb.html]
[drive.google.com/file/d/1tOaSn97tMAawsqw9wIg0DLgrE5E1Vx9B/view46fc.html]
[ssl.gstatic.com/images/branding/product/1x/drive_2020q4_32dp.png]
[drive.google.com/viewer2/prod-00/meta.5d5a5.delayed]
[drive.google.com/file/d/1tOaSn97tMAawsqw9wIg0DLgrE5E1Vx9B/view.html]
[drive.google.com/uc.7b80b.delayed]
[drive.google.com/file/d/1tOaSn97tMAawsqw9wIg0DLgrE5E1Vx9B/com.8.delayed]
[drive.google.com/file/d/1tOaSn97tMAawsqw9wIg0DLgrE5E1Vx9B/gci_91f30755d6a6b787dcc2a4062e6e9824.9.delayed]
[drive.google.com/file/d/1tOaSn97tMAawsqw9wIg0DLgrE5E1Vx9B/+/index.html]
[drive.google.com/file/d/1tOaSn97tMAawsqw9wIg0DLgrE5E1Vx9B/b.a.delayed]
[drive.google.com/file/d/1tOaSn97tMAawsqw9wIg0DLgrE5E1Vx9B/view46fc.html]
[drive.google.com/index.html]
[drive.google.com/viewer2/prod-00/metad5a5.html]
[drive.google.com/file/d/1tOaSn97tMAawsqw9wIg0DLgrE5E1Vx9B/view.html]
[drive.google.com/ucb80b.html]
[drive.google.com/file/d/1tOaSn97tMAawsqw9wIg0DLgrE5E1Vx9B/com.html]
[drive.google.com/file/d/1tOaSn97tMAawsqw9wIg0DLgrE5E1Vx9B/gci_91f30755d6a6b787dcc2a4062e6e9824.html]
[drive.google.com/file/d/1tOaSn97tMAawsqw9wIg0DLgrE5E1Vx9B/Edg/index.html]
[drive.google.com/file/d/1tOaSn97tMAawsqw9wIg0DLgrE5E1Vx9B/Edg/index.html]
[drive.google.com/file/d/1tOaSn97tMAawsqw9wIg0DLgrE5E1Vx9B/+/index.html]
[drive.google.com/file/d/1tOaSn97tMAawsqw9wIg0DLgrE5E1Vx9B/b.html]
